// Vitest Snapshot v1

exports[`invalid-package-bin-item-path > output 1`] = `
[STARTED] Resolving build manifests
[DATA] Checking 'action.yml'
[DATA] Checking 'package.json'
[FAILED] Invalid 'package.json': '.bin.hi': expected to be in the 'dist' directory, received './hi.js'
------
Exit Code: 1
`;
