// Vitest Snapshot v1

exports[`invalid-action > output 1`] = `
[STARTED] Resolving build manifests
[DATA] Checking 'action.yml'
[FAILED] Invalid 'action.yml':
[FAILED]   '.runs.main': expected to be in the 'dist' directory, received 'action.js'
[FAILED]   '.runs.using': expected "'node12' | 'node16'", received "undefined"
`;
