// Jest Snapshot v1, https://goo.gl/fbAQLP

exports[`version: dist 1`] = `
Array [
  "index.cjs",
]
`;

exports[`version: dist/index.cjs 1`] = `
// src/index.js
console.log(\`Version: \${"0.0.3-alpha"}\`);

`;

exports[`version: logs 1`] = `
[STARTED] Resolving build manifests
[DATA] Checking 'action.yml'
[DATA] Checking 'package.json'
[SUCCESS] Resolving build manifests
[STARTED] Run preparations
[DATA] Removing 'dist' directory
[SUCCESS] Run preparations
[STARTED] Making bundle from 'package.json'
[STARTED] Parsing 'package.json'
[SUCCESS] Parsing 'package.json'
[STARTED] Making '.main' entry bundle
[DATA] Setting entry point: ./src/index
[DATA] Setting output file: ./dist/index.cjs
[SUCCESS] Making '.main' entry bundle
[SUCCESS] Making bundle from 'package.json'
`;
