// Jest Snapshot v1, https://goo.gl/fbAQLP

exports[`github-action-multientry: dist 1`] = `
Array [
  "cleanup.js",
  "index.js",
  "setup.js",
]
`;

exports[`github-action-multientry: dist/cleanup.js 1`] = `
var __defProp = Object.defineProperty;
var __name = (target, value) => __defProp(target, "name", { value, configurable: true });

// src/cleanup.ts
function cleanup() {
  console.log(process.env);
}
__name(cleanup, "cleanup");
cleanup();

`;

exports[`github-action-multientry: dist/index.js 1`] = `
var __defProp = Object.defineProperty;
var __name = (target, value) => __defProp(target, "name", { value, configurable: true });

// src/index.ts
function main() {
  console.log(process.env);
}
__name(main, "main");
main();

`;

exports[`github-action-multientry: dist/setup.js 1`] = `
var __defProp = Object.defineProperty;
var __name = (target, value) => __defProp(target, "name", { value, configurable: true });

// src/setup.ts
function setup() {
  console.log(process.env);
}
__name(setup, "setup");
setup();

`;

exports[`github-action-multientry: logs 1`] = `
[STARTED] Resolving build manifests
[DATA] Checking 'action.yml'
[DATA] Checking 'package.json'
[SUCCESS] Resolving build manifests
[STARTED] Run preparations
[DATA] Removing 'dist' directory
[SUCCESS] Run preparations
[STARTED] Making bundle from 'action.yml'
[DATA] Using '.runs.main' entry: ./src/index
[DATA] Using '.runs.pre' entry: ./src/setup
[DATA] Using '.runs.post' entry: ./src/cleanup
[DATA] Using '.runs.using' entry: node12
[SUCCESS] Making bundle from 'action.yml'
`;
