// Jest Snapshot v1, https://goo.gl/fbAQLP

exports[`invalid-package-exports-conditions 1`] = `
[HH:MM:SS] Resolving build manifests [started]
[HH:MM:SS] → Checking 'package.json'
[HH:MM:SS] → Checking 'action.yml'
[HH:MM:SS] Resolving build manifests [completed]
[HH:MM:SS] Run preparations [started]
[HH:MM:SS] → Removing 'dist' directory
[HH:MM:SS] Run preparations [completed]
[HH:MM:SS] Running Node Package bundler [started]
[HH:MM:SS] Resolving settings [started]
[HH:MM:SS] → Resolved Node target version: node12
[HH:MM:SS] → Resolved Browser target versions: chrome88, edge89, firefox78, safari14
[HH:MM:SS] Resolving settings [completed]
[HH:MM:SS] Bundling './index.js' (node, browser) [started]
[HH:MM:SS] Bundling './index.js' (node, browser) [failed]
[HH:MM:SS] → Failed to build './index.js', there are conflicting conditions: node, browser.
[HH:MM:SS] Running Node Package bundler [failed]
[HH:MM:SS] → Failed to build './index.js', there are conflicting conditions: node, browser.
`;
