// Jest Snapshot v1, https://goo.gl/fbAQLP

exports[`bin-module: dist 1`] = `
Array [
  "cli.js",
]
`;

exports[`bin-module: dist/cli.js 1`] = `
#!/usr/bin/env node
var l=Object.defineProperty;var r=(o,n)=>l(o,"name",{value:n,configurable:!0});function e(o){return\`Hello, \${o}\`}r(e,"hello");console.log(e(process.argv[3]));

`;

exports[`bin-module: logs 1`] = `
[STARTED] Resolving build manifests
[DATA] Checking 'action.yml'
[DATA] Checking 'package.json'
[SUCCESS] Resolving build manifests
[STARTED] Run preparations
[DATA] Removing 'dist' directory
[SUCCESS] Run preparations
[STARTED] Making bundle from 'package.json'
[STARTED] Parsing 'package.json'
[SUCCESS] Parsing 'package.json'
[STARTED] Making '.bin' entry bundle
[DATA] Using '.bin.' entry: ./src/cli
[DATA] Using '.type' entry: module
[SUCCESS] Making '.bin' entry bundle
[SUCCESS] Making bundle from 'package.json'
`;
