// Jest Snapshot v1, https://goo.gl/fbAQLP

exports[`node-dependencies: dist 1`] = `
Array [
  "index.d.ts",
  "index.js",
]
`;

exports[`node-dependencies: dist/index.d.ts 1`] = `
import debug from 'debug';

declare const logger: debug.Debugger;

export { logger };

`;

exports[`node-dependencies: dist/index.js 1`] = `
var __defProp = Object.defineProperty;
var __markAsModule = (target) => __defProp(target, "__esModule", { value: true });
var __name = (target, value) => __defProp(target, "name", { value, configurable: true });
var __export = (target, all) => {
  __markAsModule(target);
  for (var name in all)
    __defProp(target, name, { get: all[name], enumerable: true });
};

// src/index.ts
__export(exports, {
  logger: () => logger
});

// ../../node_modules/lodash-es/isObjectLike.js
function isObjectLike(value) {
  return value != null && typeof value == "object";
}
__name(isObjectLike, "isObjectLike");
var isObjectLike_default = isObjectLike;

// src/logger.ts
var debug = require("debug");
var logger = debug("app");
if (isObjectLike_default(console))
  logger.log = console.log;
// Annotate the CommonJS export names for ESM import in node:
0 && (module.exports = {
  logger
});
/**
 * @license
 * Lodash (Custom Build) <https://lodash.com/>
 * Build: \`lodash modularize exports="es" -o ./\`
 * Copyright OpenJS Foundation and other contributors <https://openjsf.org/>
 * Released under MIT license <https://lodash.com/license>
 * Based on Underscore.js 1.8.3 <http://underscorejs.org/LICENSE>
 * Copyright Jeremy Ashkenas, DocumentCloud and Investigative Reporters & Editors
 */

`;

exports[`node-dependencies: logs 1`] = `
[STARTED] Resolving build manifests
[DATA] Checking 'action.yml'
[DATA] Checking 'package.json'
[SUCCESS] Resolving build manifests
[STARTED] Run preparations
[DATA] Removing 'dist' directory
[SUCCESS] Run preparations
[STARTED] Making bundle from 'package.json'
[STARTED] Making 'main' entry bundle
[SUCCESS] Making 'main' entry bundle
[STARTED] Making 'types' entry bundle
[SUCCESS] Making 'types' entry bundle
[SUCCESS] Making bundle from 'package.json'
`;
