// Jest Snapshot v1, https://goo.gl/fbAQLP

exports[`invalid-package-version-range 1`] = `
[HH:MM:SS] Resolving build manifests [started]
[HH:MM:SS] → Checking 'action.yml'
[HH:MM:SS] → Checking 'package.json'
[HH:MM:SS] Resolving build manifests [failed]
[HH:MM:SS] → Invalid 'package.json': invalid semver range: >=12 <10
`;
