// Jest Snapshot v1, https://goo.gl/fbAQLP

exports[`browser-esm-basic: dist 1`] = `
Array [
  "index.d.ts",
  "index.js",
]
`;

exports[`browser-esm-basic: dist/index.d.ts 1`] = `
declare function isImportMetaObjectLike(): boolean;

export { isImportMetaObjectLike };

`;

exports[`browser-esm-basic: dist/index.js 1`] = `
// src/isImportMetaObjectLike.ts
import { isObjectLike } from "lodash-es";
function isImportMetaObjectLike() {
  return isObjectLike(import.meta);
}
export {
  isImportMetaObjectLike
};

`;

exports[`browser-esm-basic: logs 1`] = `
[HH:MM:SS] Resolving build manifests [started]
[HH:MM:SS] → Checking 'package.json'
[HH:MM:SS] → Checking 'action.yml'
[HH:MM:SS] Resolving build manifests [completed]
[HH:MM:SS] Run preparations [started]
[HH:MM:SS] → Removing 'dist' directory
[HH:MM:SS] Run preparations [completed]
[HH:MM:SS] Running Node Package bundler [started]
[HH:MM:SS] Creating Browser (ESM) bundle [started]
[HH:MM:SS] Creating Browser (ESM) bundle [completed]
[HH:MM:SS] Creating Type declarations [started]
[HH:MM:SS] Creating Type declarations [completed]
[HH:MM:SS] Running Node Package bundler [completed]
`;
