// Jest Snapshot v1, https://goo.gl/fbAQLP

exports[`browser-esm-basic: dist 1`] = `
Array [
  "index.d.ts",
  "index.js",
]
`;

exports[`browser-esm-basic: dist/index.d.ts 1`] = `
declare function isImportMetaObjectLike(): boolean;

export { isImportMetaObjectLike };

`;

exports[`browser-esm-basic: dist/index.js 1`] = `
// src/isImportMetaObjectLike.ts
import { isObjectLike } from "lodash-es";
function isImportMetaObjectLike() {
  return isObjectLike(import.meta);
}
export {
  isImportMetaObjectLike
};

`;

exports[`browser-esm-basic: logs 1`] = `
- Resolving entry point
✔ Resolving entry point (<elapsedTime>)
- Resolving build manifests
✔ Resolving build manifests (<elapsedTime>)
- Creating Browser (ESM) bundle
✔ Creating Browser (ESM) bundle (<elapsedTime>)
- Creating Type declarations
✔ Creating Type declarations (<elapsedTime>)
`;
