// Vitest Snapshot v1

exports[`main-cjs > dist 1`] = `
[
  "index.js",
]
`;

exports[`main-cjs > dist/index.js 1`] = `
"use strict";
var __getOwnPropNames = Object.getOwnPropertyNames;
var __commonJS = (cb, mod) => function __require() {
  return mod || (0, cb[__getOwnPropNames(cb)[0]])((mod = { exports: {} }).exports, mod), mod.exports;
};

// src/logger.js
var require_logger = __commonJS({
  "src/logger.js"(exports2, module2) {
    "use strict";
    var debug = require("debug");
    module2.exports = debug("app");
  }
});

// src/index.js
module.exports.logger = require_logger();

`;

exports[`main-cjs > logs 1`] = `
✔ Resolving build manifests
  ─ ℹ Checking 'action.yml'
  ─ ℹ Checking 'package.json'
  ✔ Run preparations
  ─ ℹ Removing 'dist' directory
  ✔ Making bundle from 'package.json'
  › ✔ Parsing 'package.json'
    ─ ℹ Using ".dependencies" as external: debug
  › ✔ Making '.main' entry bundle
    ─ ℹ Setting entry point: src/index.js
    ─ ℹ Setting output file: dist/index.js
------
Exit Code: 0
`;
