// Vitest Snapshot v1

exports[`main-cjs > dist 1`] = `
[
  "index.js",
]
`;

exports[`main-cjs > dist/index.js 1`] = `
"use strict";
var __getOwnPropNames = Object.getOwnPropertyNames;
var __commonJS = (cb, mod) => function __require() {
  return mod || (0, cb[__getOwnPropNames(cb)[0]])((mod = { exports: {} }).exports, mod), mod.exports;
};

// src/logger.js
var require_logger = __commonJS({
  "src/logger.js"(exports2, module2) {
    "use strict";
    var debug = require("debug");
    module2.exports = debug("app");
  }
});

// src/index.js
module.exports.logger = require_logger();

`;

exports[`main-cjs > logs 1`] = `
[STARTED] Resolving build manifests
[DATA] Checking 'action.yml'
[DATA] Checking 'package.json'
[SUCCESS] Resolving build manifests
[STARTED] Run preparations
[DATA] Removing 'dist' directory
[SUCCESS] Run preparations
[STARTED] Making bundle from 'package.json'
[STARTED] Parsing 'package.json'
[DATA] Using ".dependencies" as external: debug
[SUCCESS] Parsing 'package.json'
[STARTED] Making '.main' entry bundle
[DATA] Setting entry point: ./src/index.js
[DATA] Setting output file: ./dist/index.js
[SUCCESS] Making '.main' entry bundle
[SUCCESS] Making bundle from 'package.json'
`;
