// Vitest Snapshot v1

exports[`module-cjs > dist 1`] = `
[
  "index.js",
]
`;

exports[`module-cjs > dist/index.js 1`] = `
var __getOwnPropNames = Object.getOwnPropertyNames;
var __commonJS = (cb, mod) => function __require() {
  return mod || (0, cb[__getOwnPropNames(cb)[0]])((mod = { exports: {} }).exports, mod), mod.exports;
};

// src/hello.js
var require_hello = __commonJS({
  "src/hello.js"(exports, module) {
    "use strict";
    module.exports = function hello(name) {
      return \`Hello, \${name}\`;
    };
  }
});

// src/index.js
var require_src = __commonJS({
  "src/index.js"(exports, module) {
    module.exports.hello = require_hello();
  }
});
export default require_src();

`;

exports[`module-cjs > logs 1`] = `
✔ Resolving build manifests
  ─ ℹ Checking 'action.yml'
  ─ ℹ Checking 'package.json'
  ✔ Run preparations
  ─ ℹ Removing 'dist' directory
  ✔ Making bundle from 'package.json'
  › ✔ Parsing 'package.json'
  › ✔ Making '.module' entry bundle
    ─ ℹ Setting entry point: ./src/index.js
    ─ ℹ Setting output file: ./dist/index.js
    ─ ℹ Setting build target: chrome<version>, edge<version>, firefox<version>, ios<version>, safari<version>
------
Exit Code: 0
`;
