// Jest Snapshot v1, https://goo.gl/fbAQLP

exports[`node-js: dist 1`] = `
Array [
  "index.d.ts",
  "index.js",
]
`;

exports[`node-js: dist/index.d.ts 1`] = `
declare var logger: {
    (formatter: any, ...args: any[]): void;
    color: string;
    enabled: boolean;
    log: (...args: any[]) => any;
    namespace: string;
    destroy: () => boolean;
    extend: (namespace: string, delimiter?: string) => debug.Debugger;
};

export { logger };

`;

exports[`node-js: dist/index.js 1`] = `
var __commonJS = (cb, mod) => function __require() {
  return mod || (0, cb[Object.keys(cb)[0]])((mod = { exports: {} }).exports, mod), mod.exports;
};

// src/logger.js
var require_logger = __commonJS({
  "src/logger.js"(exports2, module2) {
    "use strict";
    var debug = require("debug");
    module2.exports = debug("app");
  }
});

// src/index.js
"use strict";
module.exports.logger = require_logger();

`;

exports[`node-js: logs 1`] = `
[HH:MM:SS] Resolving build manifests [started]
[HH:MM:SS] → Checking 'package.json'
[HH:MM:SS] → Checking 'action.yml'
[HH:MM:SS] Resolving build manifests [completed]
[HH:MM:SS] Run preparations [started]
[HH:MM:SS] → Removing 'dist' directory
[HH:MM:SS] Run preparations [completed]
[HH:MM:SS] Running Node Package bundler [started]
[HH:MM:SS] Creating Node (CJS) bundle [started]
[HH:MM:SS] Creating Node (CJS) bundle [completed]
[HH:MM:SS] Creating Type declarations [started]
[HH:MM:SS] Creating Type declarations [completed]
[HH:MM:SS] Running Node Package bundler [completed]
`;
