// Vitest Snapshot v1

exports[`invalid-package-bin-empty-string > output 1`] = `
[STARTED] Resolving build manifests
[DATA] Checking 'action.yml'
[DATA] Checking 'package.json'
[FAILED] Invalid 'package.json':
[FAILED]   '.bin.': expected to be a valid file path, received, '""'
[FAILED]   '.bin.': expected to be in the 'dist' directory, received ''
`;
