// Vitest Snapshot v1

exports[`github-action-diff > dist 1`] = `
[
  "main.js",
]
`;

exports[`github-action-diff > dist/main.js 1`] = `
"use strict";

// src/main.ts
console.log("Hello");

`;

exports[`github-action-diff > logs 1`] = `
✔ Resolving build manifests
  ─ ℹ Checking 'action.yml'
  ─ ℹ Checking 'package.json'
  ✔ Run preparations
  ─ ℹ Removing 'dist' directory
  ✔ Making bundle from 'action.yml'
  ─ ℹ Using '.runs.main' entry: ./src/main.ts
  ─ ℹ Using '.runs.using' entry: node16
  ─ ℹ Checking build difference
------
Exit Code: 0
`;
