// Jest Snapshot v1, https://goo.gl/fbAQLP

exports[`dependencies: dist 1`] = `
Array [
  "index.cjs",
  "index.js",
]
`;

exports[`dependencies: dist/index.cjs 1`] = `
var __create = Object.create;
var __defProp = Object.defineProperty;
var __getOwnPropDesc = Object.getOwnPropertyDescriptor;
var __getOwnPropNames = Object.getOwnPropertyNames;
var __getProtoOf = Object.getPrototypeOf;
var __hasOwnProp = Object.prototype.hasOwnProperty;
var __markAsModule = (target) => __defProp(target, "__esModule", { value: true });
var __name = (target, value) => __defProp(target, "name", { value, configurable: true });
var __export = (target, all) => {
  __markAsModule(target);
  for (var name in all)
    __defProp(target, name, { get: all[name], enumerable: true });
};
var __reExport = (target, module2, desc) => {
  if (module2 && typeof module2 === "object" || typeof module2 === "function") {
    for (let key of __getOwnPropNames(module2))
      if (!__hasOwnProp.call(target, key) && key !== "default")
        __defProp(target, key, { get: () => module2[key], enumerable: !(desc = __getOwnPropDesc(module2, key)) || desc.enumerable });
  }
  return target;
};
var __toModule = (module2) => {
  return __reExport(__markAsModule(__defProp(module2 != null ? __create(__getProtoOf(module2)) : {}, "default", module2 && module2.__esModule && "default" in module2 ? { get: () => module2.default, enumerable: true } : { value: module2, enumerable: true })), module2);
};

// src/index.ts
__export(exports, {
  hello: () => hello
});

// ../../node_modules/strip-ansi/index.js
var import_ansi_regex = __toModule(require("ansi-regex"));
function stripAnsi(string) {
  if (typeof string !== "string") {
    throw new TypeError(\`Expected a \\\`string\\\`, got \\\`\${typeof string}\\\`\`);
  }
  return string.replace((0, import_ansi_regex.default)(), "");
}
__name(stripAnsi, "stripAnsi");

// src/hello.ts
function hello(name) {
  return \`Hello, \${stripAnsi(name)}\`;
}
__name(hello, "hello");
// Annotate the CommonJS export names for ESM import in node:
0 && (module.exports = {
  hello
});

`;

exports[`dependencies: dist/index.js 1`] = `
// ../../node_modules/strip-ansi/index.js
import ansiRegex from "ansi-regex";
function stripAnsi(string) {
  if (typeof string !== "string") {
    throw new TypeError(\`Expected a \\\`string\\\`, got \\\`\${typeof string}\\\`\`);
  }
  return string.replace(ansiRegex(), "");
}

// src/hello.ts
function hello(name) {
  return \`Hello, \${stripAnsi(name)}\`;
}
export {
  hello
};

`;

exports[`dependencies: logs 1`] = `
[STARTED] Resolving build manifests
[DATA] Checking 'action.yml'
[DATA] Checking 'package.json'
[SUCCESS] Resolving build manifests
[STARTED] Run preparations
[DATA] Removing 'dist' directory
[SUCCESS] Run preparations
[STARTED] Making bundle from 'package.json'
[STARTED] Parsing 'package.json'
[DATA] Using ".dependencies" as external: ansi-regex
[SUCCESS] Parsing 'package.json'
[STARTED] Making '.main' entry bundle
[DATA] Setting entry point: ./src/index
[DATA] Setting output file: ./dist/index.cjs
[SUCCESS] Making '.main' entry bundle
[STARTED] Making '.module' entry bundle
[DATA] Setting entry point: ./src/index
[DATA] Setting output file: ./dist/index.js
[DATA] Setting build target: chrome91, edge92, firefox78, ios12.2, safari13.1
[SUCCESS] Making '.module' entry bundle
[SUCCESS] Making bundle from 'package.json'
`;
